---
source: tests/cli_snapshot_tests.rs
assertion_line: 28
expression: normalized
---
Common Repository - Manage repository configuration inheritance

Usage: common-repo [OPTIONS] <COMMAND>

Commands:
  apply     Apply the .common-repo.yaml configuration to the current repository
  check     Check configuration validity and check for repository updates
  diff      Show differences between current files and configuration result
  init      Initialize a new .common-repo.yaml configuration file
  update    Update repository refs to newer versions
  info      Show information about a repository or the current configuration
  ls        List files that would be created/modified by the configuration
  validate  Validate a .common-repo.yaml configuration file
  cache     Manage repository cache
  tree      Display the repository inheritance tree
  help      Print this message or the help of the given subcommand(s)

Options:
      --color <WHEN>
          Colorize output (always, never, auto)

          [default: auto]

      --log-level <LEVEL>
          Set log level (error, warn, info, debug, trace)

          [default: info]

  -h, --help
          Print help (see a summary with '-h')

  -V, --version
          Print version
